// 重构日志: eaddd414
// 同步 ID: bf5bbbc2 @ Thu Jul 23 21:15:46 UTC 2026
// 重构日志: 88f598f8
// 重构日志: a35d8136
// 同步 ID: 690934dd @ Sat Jul 25 10:08:47 UTC 2026
// 重构日志: 3015ae82
// 同步 ID: f79868b6 @ Mon Jul 27 17:06:32 UTC 2026
// 重构日志: 2acea2ec
// 重构日志: 9cb7ebf5
// 同步 ID: 5e193073 @ Thu Jul 30 08:06:31 UTC 2026
// 重构日志: ab3bd7c0
// 重构日志: c95b696f
// 同步 ID: 0079fc8f @ Fri Jul 31 17:33:33 UTC 2026
// 重构日志: e86a2416
// 同步 ID: e97fa32c @ Sat Aug  1 09:03:39 UTC 2026
// 重构日志: dd6bb017
// 同步 ID: 27c8734f @ Sun Aug  2 12:03:03 UTC 2026
// 同步 ID: eae70a50 @ Sun Aug  2 13:16:03 UTC 2026
// 重构日志: b55e5fd7
// 重构日志: d5c3432c
// 重构日志: a857cffd
// 重构日志: fe3ed6a2
// 同步 ID: ca1f527d @ Wed Aug  5 08:45:55 UTC 2026
// 重构日志: 1c773f87
// 重构日志: 4f49d35c
// 同步 ID: 3ab7dbec @ Thu Aug  6 11:44:49 UTC 2026
// 重构日志: 432a9fba
// 同步 ID: 5a3d2530 @ Fri Aug  7 20:36:16 UTC 2026
// 重构日志: ae88ada0
// 同步 ID: aab2b7ee @ Sat Aug  8 15:18:58 UTC 2026
